// Jest Snapshot v1, https://goo.gl/fbAQLP

exports[`Effects containers EffectsById should render correctly when editing 1`] = `"<div data-testid=\\"editable-effect.component\\"><label><span>Name</span><input data-testid=\\"Name.input.component\\" type=\\"text\\" value=\\"a\\"></label><label><span>Description</span><input data-testid=\\"Description.input.component\\" type=\\"text\\" value=\\"d\\"></label><label>Target<input data-testid=\\"0.array.input\\" type=\\"text\\" value=\\"a\\"></label><label><span class=\\"additionalLabel\\">Target</span><input data-testid=\\"1.array.input\\" type=\\"text\\" value=\\"b\\"></label><label><span>Value</span><input data-testid=\\"Value.input.component\\" type=\\"text\\" value=\\"1\\"></label><label><span>Active</span><input data-testid=\\"Active.input.component\\" type=\\"checkbox\\" value=\\"\\"></label><button data-testid=\\"Delete Effect.button.component\\">Delete Effect</button></div><div data-testid=\\"editable-effect.component\\"><label><span>Name</span><input data-testid=\\"Name.input.component\\" type=\\"text\\" value=\\"c\\"></label><label><span>Description</span><input data-testid=\\"Description.input.component\\" type=\\"text\\" value=\\"d\\"></label><label>Target<input data-testid=\\"0.array.input\\" type=\\"text\\" value=\\"a\\"></label><label><span class=\\"additionalLabel\\">Target</span><input data-testid=\\"1.array.input\\" type=\\"text\\" value=\\"b\\"></label><label><span>Value</span><input data-testid=\\"Value.input.component\\" type=\\"text\\" value=\\"3\\"></label><label><span>Active</span><input data-testid=\\"Active.input.component\\" type=\\"checkbox\\" value=\\"\\"></label><button data-testid=\\"Delete Effect.button.component\\">Delete Effect</button></div>"`;
