// Jest Snapshot v1, https://goo.gl/fbAQLP

exports[`PersonalData container should render correctly 1`] = `"<div data-testid=\\"personal-data.container\\"><label><span>Name</span><input data-testid=\\"Name.input.component\\" type=\\"text\\" value=\\"n\\"></label><label><span>Metatype</span><input data-testid=\\"Metatype.input.component\\" type=\\"text\\" value=\\"m\\"></label><label><span>Ethnicity</span><input data-testid=\\"Ethnicity.input.component\\" type=\\"text\\" value=\\"e\\"></label><label><span>Gender</span><input data-testid=\\"Gender.input.component\\" type=\\"text\\" value=\\"g\\"></label><label><span>Age</span><input data-testid=\\"Age.input.component\\" type=\\"text\\" value=\\"32\\"></label><label><span>Height</span><input data-testid=\\"Height.input.component\\" type=\\"text\\" value=\\"h\\"></label><label><span>Weight</span><input data-testid=\\"Weight.input.component\\" type=\\"text\\" value=\\"w\\"></label><label><span>Karma</span><input data-testid=\\"Karma.input.component\\" type=\\"text\\" value=\\"1\\"></label><label><span>Street Cred</span><input data-testid=\\"Street Cred.input.component\\" type=\\"text\\" value=\\"3\\"></label><label><span>Notoriety</span><input data-testid=\\"Notoriety.input.component\\" type=\\"text\\" value=\\"2\\"></label><label><span>Public Awareness</span><input data-testid=\\"Public Awareness.input.component\\" type=\\"text\\" value=\\"4\\"></label><label><span>Total Karma</span><input data-testid=\\"Total Karma.input.component\\" type=\\"text\\" value=\\"5\\"></label></div>"`;

exports[`PersonalData container should render correctly when there is no personal data to show 1`] = `""`;
