// Jest Snapshot v1, https://goo.gl/fbAQLP

exports[`Attributes container should not throw an error if the redux state is missing 1`] = `""`;

exports[`Attributes container should render correctly 1`] = `"<div><h2>Attributes</h2><div><div><h3>Body (bod)</h3><div><span>Effective Value:<span data-testid=\\"attributes.body.effective-stat.container\\">6</span></span><button data-testid=\\"Edit.button.component\\">Edit</button></div></div></div><div><div><h3>Agility (agi)</h3><div><span>Effective Value:<span data-testid=\\"attributes.agility.effective-stat.container\\">7</span></span><button data-testid=\\"Edit.button.component\\">Edit</button></div><div data-testid=\\"non-editable-effect.component\\"><span>Name: n</span><label><span>Active</span><input data-testid=\\"Active.input.component\\" type=\\"checkbox\\" value=\\"\\" checked=\\"\\"></label></div></div></div><div><div><h3>Reaction (rea)</h3><div><span>Effective Value:<span data-testid=\\"attributes.reaction.effective-stat.container\\">6</span></span><button data-testid=\\"Edit.button.component\\">Edit</button></div></div></div><div><div><h3>Strength (str)</h3><div><span>Effective Value:<span data-testid=\\"attributes.strength.effective-stat.container\\">6</span></span><button data-testid=\\"Edit.button.component\\">Edit</button></div></div></div><div><div><h3>Willpower (wil)</h3><div><span>Effective Value:<span data-testid=\\"attributes.willpower.effective-stat.container\\">6</span></span><button data-testid=\\"Edit.button.component\\">Edit</button></div></div></div><div><div><h3>Logic (log)</h3><div><span>Effective Value:<span data-testid=\\"attributes.logic.effective-stat.container\\">6</span></span><button data-testid=\\"Edit.button.component\\">Edit</button></div></div></div><div><div><h3>Intuition (int)</h3><div><span>Effective Value:<span data-testid=\\"attributes.intuition.effective-stat.container\\">6</span></span><button data-testid=\\"Edit.button.component\\">Edit</button></div></div></div><div><div><h3>Charisma (cha)</h3><div><span>Effective Value:<span data-testid=\\"attributes.charisma.effective-stat.container\\">6</span></span><button data-testid=\\"Edit.button.component\\">Edit</button></div></div></div></div>"`;
